[2025-06-03T11:34:38.189+0200][gc] Using G1
[2025-06-03T11:34:38.206+0200][gc,init] Version: 17.0.14+7-LTS (release)
[2025-06-03T11:34:38.206+0200][gc,init] CPUs: 6 total, 6 available
[2025-06-03T11:34:38.206+0200][gc,init] Memory: 31517M
[2025-06-03T11:34:38.206+0200][gc,init] Large Page Support: Disabled
[2025-06-03T11:34:38.206+0200][gc,init] NUMA Support: Disabled
[2025-06-03T11:34:38.206+0200][gc,init] Compressed Oops: Enabled (32-bit)
[2025-06-03T11:34:38.206+0200][gc,init] Heap Region Size: 1M
[2025-06-03T11:34:38.206+0200][gc,init] Heap Min Capacity: 1G
[2025-06-03T11:34:38.206+0200][gc,init] Heap Initial Capacity: 1G
[2025-06-03T11:34:38.206+0200][gc,init] Heap Max Capacity: 1G
[2025-06-03T11:34:38.206+0200][gc,init] Pre-touch: Disabled
[2025-06-03T11:34:38.206+0200][gc,init] Parallel Workers: 6
[2025-06-03T11:34:38.206+0200][gc,init] Concurrent Workers: 2
[2025-06-03T11:34:38.206+0200][gc,init] Concurrent Refinement Workers: 6
[2025-06-03T11:34:38.206+0200][gc,init] Periodic GC: Disabled
[2025-06-03T11:34:38.213+0200][gc,metaspace] CDS archive(s) mapped at: [0x00007fe493000000-0x00007fe493bc9000-0x00007fe493bc9000), size 12357632, SharedBaseAddress: 0x00007fe493000000, ArchiveRelocationMode: 1.
[2025-06-03T11:34:38.213+0200][gc,metaspace] Compressed class space mapped at: 0x00007fe494000000-0x00007fe4d4000000, reserved size: 1073741824
[2025-06-03T11:34:38.213+0200][gc,metaspace] Narrow klass base: 0x00007fe493000000, Narrow klass shift: 0, Narrow klass range: 0x100000000
[2025-06-03T11:34:38.934+0200][gc,start    ] GC(0) Pause Young (Normal) (G1 Evacuation Pause)
[2025-06-03T11:34:38.935+0200][gc,task     ] GC(0) Using 6 workers of 6 for evacuation
[2025-06-03T11:34:38.940+0200][gc,phases   ] GC(0)   Pre Evacuate Collection Set: 0,2ms
[2025-06-03T11:34:38.940+0200][gc,phases   ] GC(0)   Merge Heap Roots: 0,1ms
[2025-06-03T11:34:38.940+0200][gc,phases   ] GC(0)   Evacuate Collection Set: 4,5ms
[2025-06-03T11:34:38.940+0200][gc,phases   ] GC(0)   Post Evacuate Collection Set: 0,3ms
[2025-06-03T11:34:38.940+0200][gc,phases   ] GC(0)   Other: 0,8ms
[2025-06-03T11:34:38.940+0200][gc,heap     ] GC(0) Eden regions: 51->0(44)
[2025-06-03T11:34:38.940+0200][gc,heap     ] GC(0) Survivor regions: 0->7(7)
[2025-06-03T11:34:38.940+0200][gc,heap     ] GC(0) Old regions: 0->2
[2025-06-03T11:34:38.940+0200][gc,heap     ] GC(0) Archive regions: 2->2
[2025-06-03T11:34:38.940+0200][gc,heap     ] GC(0) Humongous regions: 0->0
[2025-06-03T11:34:38.940+0200][gc,metaspace] GC(0) Metaspace: 18041K(18240K)->18041K(18240K) NonClass: 15895K(16000K)->15895K(16000K) Class: 2146K(2240K)->2146K(2240K)
[2025-06-03T11:34:38.940+0200][gc          ] GC(0) Pause Young (Normal) (G1 Evacuation Pause) 51M->9M(1024M) 5,843ms
[2025-06-03T11:34:38.940+0200][gc,cpu      ] GC(0) User=0,01s Sys=0,02s Real=0,00s
[2025-06-03T11:34:39.044+0200][gc,start    ] GC(1) Pause Young (Concurrent Start) (Metadata GC Threshold)
[2025-06-03T11:34:39.044+0200][gc,task     ] GC(1) Using 6 workers of 6 for evacuation
[2025-06-03T11:34:39.048+0200][gc,phases   ] GC(1)   Pre Evacuate Collection Set: 0,1ms
[2025-06-03T11:34:39.048+0200][gc,phases   ] GC(1)   Merge Heap Roots: 0,1ms
[2025-06-03T11:34:39.048+0200][gc,phases   ] GC(1)   Evacuate Collection Set: 3,5ms
[2025-06-03T11:34:39.048+0200][gc,phases   ] GC(1)   Post Evacuate Collection Set: 0,4ms
[2025-06-03T11:34:39.048+0200][gc,phases   ] GC(1)   Other: 0,1ms
[2025-06-03T11:34:39.048+0200][gc,heap     ] GC(1) Eden regions: 12->0(49)
[2025-06-03T11:34:39.048+0200][gc,heap     ] GC(1) Survivor regions: 7->2(7)
[2025-06-03T11:34:39.048+0200][gc,heap     ] GC(1) Old regions: 2->9
[2025-06-03T11:34:39.048+0200][gc,heap     ] GC(1) Archive regions: 2->2
[2025-06-03T11:34:39.048+0200][gc,heap     ] GC(1) Humongous regions: 0->0
[2025-06-03T11:34:39.048+0200][gc,metaspace] GC(1) Metaspace: 21316K(21504K)->21316K(21504K) NonClass: 18748K(18816K)->18748K(18816K) Class: 2568K(2688K)->2568K(2688K)
[2025-06-03T11:34:39.048+0200][gc          ] GC(1) Pause Young (Concurrent Start) (Metadata GC Threshold) 20M->10M(1024M) 4,266ms
[2025-06-03T11:34:39.048+0200][gc,cpu      ] GC(1) User=0,01s Sys=0,01s Real=0,00s
[2025-06-03T11:34:39.048+0200][gc          ] GC(2) Concurrent Mark Cycle
[2025-06-03T11:34:39.048+0200][gc,marking  ] GC(2) Concurrent Clear Claimed Marks
[2025-06-03T11:34:39.048+0200][gc,marking  ] GC(2) Concurrent Clear Claimed Marks 0,024ms
[2025-06-03T11:34:39.048+0200][gc,marking  ] GC(2) Concurrent Scan Root Regions
[2025-06-03T11:34:39.050+0200][gc,marking  ] GC(2) Concurrent Scan Root Regions 1,714ms
[2025-06-03T11:34:39.050+0200][gc,marking  ] GC(2) Concurrent Mark
[2025-06-03T11:34:39.050+0200][gc,marking  ] GC(2) Concurrent Mark From Roots
[2025-06-03T11:34:39.050+0200][gc,task     ] GC(2) Using 2 workers of 2 for marking
[2025-06-03T11:34:39.052+0200][gc,marking  ] GC(2) Concurrent Mark From Roots 2,199ms
[2025-06-03T11:34:39.052+0200][gc,marking  ] GC(2) Concurrent Preclean
[2025-06-03T11:34:39.052+0200][gc,marking  ] GC(2) Concurrent Preclean 0,069ms
[2025-06-03T11:34:39.052+0200][gc,start    ] GC(2) Pause Remark
[2025-06-03T11:34:39.053+0200][gc          ] GC(2) Pause Remark 11M->11M(1024M) 1,218ms
[2025-06-03T11:34:39.053+0200][gc,cpu      ] GC(2) User=0,00s Sys=0,00s Real=0,00s
[2025-06-03T11:34:39.053+0200][gc,marking  ] GC(2) Concurrent Mark 3,559ms
[2025-06-03T11:34:39.053+0200][gc,marking  ] GC(2) Concurrent Rebuild Remembered Sets
[2025-06-03T11:34:39.055+0200][gc,marking  ] GC(2) Concurrent Rebuild Remembered Sets 1,934ms
[2025-06-03T11:34:39.055+0200][gc,start    ] GC(2) Pause Cleanup
[2025-06-03T11:34:39.055+0200][gc          ] GC(2) Pause Cleanup 11M->11M(1024M) 0,107ms
[2025-06-03T11:34:39.055+0200][gc,cpu      ] GC(2) User=0,00s Sys=0,00s Real=0,00s
[2025-06-03T11:34:39.056+0200][gc,marking  ] GC(2) Concurrent Cleanup for Next Mark
[2025-06-03T11:34:39.058+0200][gc,marking  ] GC(2) Concurrent Cleanup for Next Mark 1,986ms
[2025-06-03T11:34:39.058+0200][gc          ] GC(2) Concurrent Mark Cycle 9,636ms
[2025-06-03T11:34:39.504+0200][gc,start    ] GC(3) Pause Young (Normal) (G1 Evacuation Pause)
[2025-06-03T11:34:39.504+0200][gc,task     ] GC(3) Using 6 workers of 6 for evacuation
[2025-06-03T11:34:39.506+0200][gc,phases   ] GC(3)   Pre Evacuate Collection Set: 0,1ms
[2025-06-03T11:34:39.506+0200][gc,phases   ] GC(3)   Merge Heap Roots: 0,0ms
[2025-06-03T11:34:39.506+0200][gc,phases   ] GC(3)   Evacuate Collection Set: 1,6ms
[2025-06-03T11:34:39.506+0200][gc,phases   ] GC(3)   Post Evacuate Collection Set: 0,3ms
[2025-06-03T11:34:39.506+0200][gc,phases   ] GC(3)   Other: 0,1ms
[2025-06-03T11:34:39.506+0200][gc,heap     ] GC(3) Eden regions: 49->0(47)
[2025-06-03T11:34:39.506+0200][gc,heap     ] GC(3) Survivor regions: 2->4(7)
[2025-06-03T11:34:39.506+0200][gc,heap     ] GC(3) Old regions: 9->9
[2025-06-03T11:34:39.506+0200][gc,heap     ] GC(3) Archive regions: 2->2
[2025-06-03T11:34:39.506+0200][gc,heap     ] GC(3) Humongous regions: 9->9
[2025-06-03T11:34:39.506+0200][gc,metaspace] GC(3) Metaspace: 31961K(32256K)->31961K(32256K) NonClass: 28033K(28224K)->28033K(28224K) Class: 3927K(4032K)->3927K(4032K)
[2025-06-03T11:34:39.506+0200][gc          ] GC(3) Pause Young (Normal) (G1 Evacuation Pause) 68M->22M(1024M) 2,143ms
[2025-06-03T11:34:39.506+0200][gc,cpu      ] GC(3) User=0,01s Sys=0,01s Real=0,00s
[2025-06-03T11:34:39.658+0200][gc,start    ] GC(4) Pause Young (Concurrent Start) (Metadata GC Threshold)
[2025-06-03T11:34:39.658+0200][gc,task     ] GC(4) Using 6 workers of 6 for evacuation
[2025-06-03T11:34:39.663+0200][gc,phases   ] GC(4)   Pre Evacuate Collection Set: 0,1ms
[2025-06-03T11:34:39.663+0200][gc,phases   ] GC(4)   Merge Heap Roots: 0,1ms
[2025-06-03T11:34:39.663+0200][gc,phases   ] GC(4)   Evacuate Collection Set: 4,5ms
[2025-06-03T11:34:39.663+0200][gc,phases   ] GC(4)   Post Evacuate Collection Set: 0,4ms
[2025-06-03T11:34:39.663+0200][gc,phases   ] GC(4)   Other: 0,1ms
[2025-06-03T11:34:39.663+0200][gc,heap     ] GC(4) Eden regions: 24->0(44)
[2025-06-03T11:34:39.663+0200][gc,heap     ] GC(4) Survivor regions: 4->7(7)
[2025-06-03T11:34:39.663+0200][gc,heap     ] GC(4) Old regions: 9->9
[2025-06-03T11:34:39.663+0200][gc,heap     ] GC(4) Archive regions: 2->2
[2025-06-03T11:34:39.663+0200][gc,heap     ] GC(4) Humongous regions: 9->9
[2025-06-03T11:34:39.663+0200][gc,metaspace] GC(4) Metaspace: 35667K(35968K)->35667K(35968K) NonClass: 31365K(31488K)->31365K(31488K) Class: 4302K(4480K)->4302K(4480K)
[2025-06-03T11:34:39.663+0200][gc          ] GC(4) Pause Young (Concurrent Start) (Metadata GC Threshold) 45M->25M(1024M) 5,185ms
[2025-06-03T11:34:39.663+0200][gc,cpu      ] GC(4) User=0,02s Sys=0,00s Real=0,00s
[2025-06-03T11:34:39.663+0200][gc          ] GC(5) Concurrent Mark Cycle
[2025-06-03T11:34:39.663+0200][gc,marking  ] GC(5) Concurrent Clear Claimed Marks
[2025-06-03T11:34:39.663+0200][gc,marking  ] GC(5) Concurrent Clear Claimed Marks 0,018ms
[2025-06-03T11:34:39.663+0200][gc,marking  ] GC(5) Concurrent Scan Root Regions
[2025-06-03T11:34:39.665+0200][gc,marking  ] GC(5) Concurrent Scan Root Regions 2,473ms
[2025-06-03T11:34:39.665+0200][gc,marking  ] GC(5) Concurrent Mark
[2025-06-03T11:34:39.665+0200][gc,marking  ] GC(5) Concurrent Mark From Roots
[2025-06-03T11:34:39.665+0200][gc,task     ] GC(5) Using 2 workers of 2 for marking
[2025-06-03T11:34:39.674+0200][gc,marking  ] GC(5) Concurrent Mark From Roots 8,577ms
[2025-06-03T11:34:39.674+0200][gc,marking  ] GC(5) Concurrent Preclean
[2025-06-03T11:34:39.674+0200][gc,marking  ] GC(5) Concurrent Preclean 0,100ms
[2025-06-03T11:34:39.675+0200][gc,start    ] GC(5) Pause Remark
[2025-06-03T11:34:39.676+0200][gc          ] GC(5) Pause Remark 27M->27M(1024M) 1,137ms
[2025-06-03T11:34:39.676+0200][gc,cpu      ] GC(5) User=0,01s Sys=0,00s Real=0,00s
[2025-06-03T11:34:39.676+0200][gc,marking  ] GC(5) Concurrent Mark 10,318ms
[2025-06-03T11:34:39.676+0200][gc,marking  ] GC(5) Concurrent Rebuild Remembered Sets
[2025-06-03T11:34:39.678+0200][gc,marking  ] GC(5) Concurrent Rebuild Remembered Sets 2,084ms
[2025-06-03T11:34:39.680+0200][gc,start    ] GC(5) Pause Cleanup
[2025-06-03T11:34:39.680+0200][gc          ] GC(5) Pause Cleanup 27M->27M(1024M) 0,156ms
[2025-06-03T11:34:39.680+0200][gc,cpu      ] GC(5) User=0,00s Sys=0,00s Real=0,00s
[2025-06-03T11:34:39.680+0200][gc,marking  ] GC(5) Concurrent Cleanup for Next Mark
[2025-06-03T11:34:39.682+0200][gc,marking  ] GC(5) Concurrent Cleanup for Next Mark 2,253ms
[2025-06-03T11:34:39.683+0200][gc          ] GC(5) Concurrent Mark Cycle 19,559ms
[2025-06-03T11:39:42.257+0200][gc,start    ] GC(6) Pause Young (Concurrent Start) (G1 Evacuation Pause)
[2025-06-03T11:39:42.258+0200][gc,task     ] GC(6) Using 6 workers of 6 for evacuation
[2025-06-03T11:39:42.273+0200][gc,phases   ] GC(6)   Pre Evacuate Collection Set: 0,4ms
[2025-06-03T11:39:42.273+0200][gc,phases   ] GC(6)   Merge Heap Roots: 0,2ms
[2025-06-03T11:39:42.273+0200][gc,phases   ] GC(6)   Evacuate Collection Set: 12,6ms
[2025-06-03T11:39:42.273+0200][gc,phases   ] GC(6)   Post Evacuate Collection Set: 1,5ms
[2025-06-03T11:39:42.273+0200][gc,phases   ] GC(6)   Other: 1,1ms
[2025-06-03T11:39:42.273+0200][gc,heap     ] GC(6) Eden regions: 44->0(45)
[2025-06-03T11:39:42.273+0200][gc,heap     ] GC(6) Survivor regions: 7->6(7)
[2025-06-03T11:39:42.273+0200][gc,heap     ] GC(6) Old regions: 9->12
[2025-06-03T11:39:42.273+0200][gc,heap     ] GC(6) Archive regions: 2->2
[2025-06-03T11:39:42.273+0200][gc,heap     ] GC(6) Humongous regions: 138->138
[2025-06-03T11:39:42.273+0200][gc,metaspace] GC(6) Metaspace: 40700K(41152K)->40700K(41152K) NonClass: 35852K(36096K)->35852K(36096K) Class: 4848K(5056K)->4848K(5056K)
[2025-06-03T11:39:42.273+0200][gc          ] GC(6) Pause Young (Concurrent Start) (G1 Evacuation Pause) 198M->156M(1024M) 16,126ms
[2025-06-03T11:39:42.273+0200][gc,cpu      ] GC(6) User=0,08s Sys=0,01s Real=0,02s
[2025-06-03T11:39:42.273+0200][gc          ] GC(7) Concurrent Mark Cycle
[2025-06-03T11:39:42.273+0200][gc,marking  ] GC(7) Concurrent Clear Claimed Marks
[2025-06-03T11:39:42.273+0200][gc,marking  ] GC(7) Concurrent Clear Claimed Marks 0,063ms
[2025-06-03T11:39:42.274+0200][gc,marking  ] GC(7) Concurrent Scan Root Regions
[2025-06-03T11:39:42.284+0200][gc,marking  ] GC(7) Concurrent Scan Root Regions 10,058ms
[2025-06-03T11:39:42.284+0200][gc,marking  ] GC(7) Concurrent Mark
[2025-06-03T11:39:42.284+0200][gc,marking  ] GC(7) Concurrent Mark From Roots
[2025-06-03T11:39:42.284+0200][gc,task     ] GC(7) Using 2 workers of 2 for marking
[2025-06-03T11:39:42.298+0200][gc,marking  ] GC(7) Concurrent Mark From Roots 14,652ms
[2025-06-03T11:39:42.298+0200][gc,marking  ] GC(7) Concurrent Preclean
[2025-06-03T11:39:42.299+0200][gc,marking  ] GC(7) Concurrent Preclean 0,224ms
[2025-06-03T11:39:42.299+0200][gc,start    ] GC(7) Pause Remark
[2025-06-03T11:39:42.302+0200][gc          ] GC(7) Pause Remark 156M->156M(1024M) 3,515ms
[2025-06-03T11:39:42.302+0200][gc,cpu      ] GC(7) User=0,01s Sys=0,00s Real=0,00s
[2025-06-03T11:39:42.302+0200][gc,marking  ] GC(7) Concurrent Mark 18,673ms
[2025-06-03T11:39:42.302+0200][gc,marking  ] GC(7) Concurrent Rebuild Remembered Sets
[2025-06-03T11:39:42.308+0200][gc,marking  ] GC(7) Concurrent Rebuild Remembered Sets 5,294ms
[2025-06-03T11:39:42.308+0200][gc,start    ] GC(7) Pause Cleanup
[2025-06-03T11:39:42.308+0200][gc          ] GC(7) Pause Cleanup 156M->156M(1024M) 0,226ms
[2025-06-03T11:39:42.308+0200][gc,cpu      ] GC(7) User=0,00s Sys=0,00s Real=0,00s
[2025-06-03T11:39:42.308+0200][gc,marking  ] GC(7) Concurrent Cleanup for Next Mark
[2025-06-03T11:39:42.309+0200][gc,marking  ] GC(7) Concurrent Cleanup for Next Mark 0,640ms
[2025-06-03T11:39:42.309+0200][gc          ] GC(7) Concurrent Mark Cycle 35,336ms
[2025-06-03T11:49:09.707+0200][gc,start    ] GC(8) Pause Young (Normal) (G1 Evacuation Pause)
[2025-06-03T11:49:09.707+0200][gc,task     ] GC(8) Using 6 workers of 6 for evacuation
[2025-06-03T11:49:09.720+0200][gc,phases   ] GC(8)   Pre Evacuate Collection Set: 0,2ms
[2025-06-03T11:49:09.720+0200][gc,phases   ] GC(8)   Merge Heap Roots: 0,1ms
[2025-06-03T11:49:09.720+0200][gc,phases   ] GC(8)   Evacuate Collection Set: 12,0ms
[2025-06-03T11:49:09.720+0200][gc,phases   ] GC(8)   Post Evacuate Collection Set: 0,3ms
[2025-06-03T11:49:09.720+0200][gc,phases   ] GC(8)   Other: 0,1ms
[2025-06-03T11:49:09.720+0200][gc,heap     ] GC(8) Eden regions: 45->0(48)
[2025-06-03T11:49:09.720+0200][gc,heap     ] GC(8) Survivor regions: 6->3(7)
[2025-06-03T11:49:09.720+0200][gc,heap     ] GC(8) Old regions: 12->16
[2025-06-03T11:49:09.720+0200][gc,heap     ] GC(8) Archive regions: 2->2
[2025-06-03T11:49:09.720+0200][gc,heap     ] GC(8) Humongous regions: 138->138
[2025-06-03T11:49:09.720+0200][gc,metaspace] GC(8) Metaspace: 41139K(41536K)->41139K(41536K) NonClass: 36288K(36480K)->36288K(36480K) Class: 4850K(5056K)->4850K(5056K)
[2025-06-03T11:49:09.720+0200][gc          ] GC(8) Pause Young (Normal) (G1 Evacuation Pause) 201M->157M(1024M) 12,805ms
[2025-06-03T11:49:09.720+0200][gc,cpu      ] GC(8) User=0,01s Sys=0,00s Real=0,01s
[2025-06-03T11:50:14.921+0200][gc,start    ] GC(9) Pause Young (Normal) (G1 Evacuation Pause)
[2025-06-03T11:50:14.921+0200][gc,task     ] GC(9) Using 6 workers of 6 for evacuation
[2025-06-03T11:50:14.923+0200][gc,phases   ] GC(9)   Pre Evacuate Collection Set: 0,2ms
[2025-06-03T11:50:14.923+0200][gc,phases   ] GC(9)   Merge Heap Roots: 0,1ms
[2025-06-03T11:50:14.923+0200][gc,phases   ] GC(9)   Evacuate Collection Set: 2,0ms
[2025-06-03T11:50:14.923+0200][gc,phases   ] GC(9)   Post Evacuate Collection Set: 0,4ms
[2025-06-03T11:50:14.923+0200][gc,phases   ] GC(9)   Other: 0,1ms
[2025-06-03T11:50:14.923+0200][gc,heap     ] GC(9) Eden regions: 48->0(47)
[2025-06-03T11:50:14.923+0200][gc,heap     ] GC(9) Survivor regions: 3->4(7)
[2025-06-03T11:50:14.923+0200][gc,heap     ] GC(9) Old regions: 16->16
[2025-06-03T11:50:14.923+0200][gc,heap     ] GC(9) Archive regions: 2->2
[2025-06-03T11:50:14.923+0200][gc,heap     ] GC(9) Humongous regions: 138->138
[2025-06-03T11:50:14.923+0200][gc,metaspace] GC(9) Metaspace: 41990K(42368K)->41990K(42368K) NonClass: 37102K(37312K)->37102K(37312K) Class: 4888K(5056K)->4888K(5056K)
[2025-06-03T11:50:14.923+0200][gc          ] GC(9) Pause Young (Normal) (G1 Evacuation Pause) 205M->158M(1024M) 2,745ms
[2025-06-03T11:50:14.923+0200][gc,cpu      ] GC(9) User=0,00s Sys=0,00s Real=0,00s
[2025-06-03T11:50:25.605+0200][gc,start    ] GC(10) Pause Young (Normal) (G1 Evacuation Pause)
[2025-06-03T11:50:25.605+0200][gc,task     ] GC(10) Using 6 workers of 6 for evacuation
[2025-06-03T11:50:25.607+0200][gc,phases   ] GC(10)   Pre Evacuate Collection Set: 0,1ms
[2025-06-03T11:50:25.607+0200][gc,phases   ] GC(10)   Merge Heap Roots: 0,0ms
[2025-06-03T11:50:25.607+0200][gc,phases   ] GC(10)   Evacuate Collection Set: 1,8ms
[2025-06-03T11:50:25.607+0200][gc,phases   ] GC(10)   Post Evacuate Collection Set: 0,3ms
[2025-06-03T11:50:25.607+0200][gc,phases   ] GC(10)   Other: 0,1ms
[2025-06-03T11:50:25.607+0200][gc,heap     ] GC(10) Eden regions: 47->0(49)
[2025-06-03T11:50:25.607+0200][gc,heap     ] GC(10) Survivor regions: 4->5(7)
[2025-06-03T11:50:25.607+0200][gc,heap     ] GC(10) Old regions: 16->16
[2025-06-03T11:50:25.607+0200][gc,heap     ] GC(10) Archive regions: 2->2
[2025-06-03T11:50:25.607+0200][gc,heap     ] GC(10) Humongous regions: 138->138
[2025-06-03T11:50:25.607+0200][gc,metaspace] GC(10) Metaspace: 42944K(43456K)->42944K(43456K) NonClass: 37846K(38144K)->37846K(38144K) Class: 5098K(5312K)->5098K(5312K)
[2025-06-03T11:50:25.607+0200][gc          ] GC(10) Pause Young (Normal) (G1 Evacuation Pause) 205M->158M(1024M) 2,400ms
[2025-06-03T11:50:25.607+0200][gc,cpu      ] GC(10) User=0,01s Sys=0,00s Real=0,00s
[2025-06-03T11:50:37.497+0200][gc,start    ] GC(11) Pause Young (Normal) (G1 Evacuation Pause)
[2025-06-03T11:50:37.497+0200][gc,task     ] GC(11) Using 6 workers of 6 for evacuation
[2025-06-03T11:50:37.507+0200][gc,phases   ] GC(11)   Pre Evacuate Collection Set: 0,3ms
[2025-06-03T11:50:37.507+0200][gc,phases   ] GC(11)   Merge Heap Roots: 0,2ms
[2025-06-03T11:50:37.507+0200][gc,phases   ] GC(11)   Evacuate Collection Set: 7,8ms
[2025-06-03T11:50:37.507+0200][gc,phases   ] GC(11)   Post Evacuate Collection Set: 1,2ms
[2025-06-03T11:50:37.507+0200][gc,phases   ] GC(11)   Other: 0,2ms
[2025-06-03T11:50:37.507+0200][gc,heap     ] GC(11) Eden regions: 49->0(82)
[2025-06-03T11:50:37.507+0200][gc,heap     ] GC(11) Survivor regions: 5->3(7)
[2025-06-03T11:50:37.507+0200][gc,heap     ] GC(11) Old regions: 16->18
[2025-06-03T11:50:37.507+0200][gc,heap     ] GC(11) Archive regions: 2->2
[2025-06-03T11:50:37.507+0200][gc,heap     ] GC(11) Humongous regions: 138->138
[2025-06-03T11:50:37.507+0200][gc,metaspace] GC(11) Metaspace: 42953K(43456K)->42953K(43456K) NonClass: 37855K(38144K)->37855K(38144K) Class: 5098K(5312K)->5098K(5312K)
[2025-06-03T11:50:37.507+0200][gc          ] GC(11) Pause Young (Normal) (G1 Evacuation Pause) 207M->158M(1024M) 9,942ms
[2025-06-03T11:50:37.507+0200][gc,cpu      ] GC(11) User=0,05s Sys=0,00s Real=0,01s
[2025-06-03T11:50:58.321+0200][gc,start    ] GC(12) Pause Young (Normal) (G1 Evacuation Pause)
[2025-06-03T11:50:58.321+0200][gc,task     ] GC(12) Using 6 workers of 6 for evacuation
[2025-06-03T11:50:58.329+0200][gc,phases   ] GC(12)   Pre Evacuate Collection Set: 0,3ms
[2025-06-03T11:50:58.329+0200][gc,phases   ] GC(12)   Merge Heap Roots: 0,2ms
[2025-06-03T11:50:58.329+0200][gc,phases   ] GC(12)   Evacuate Collection Set: 5,9ms
[2025-06-03T11:50:58.329+0200][gc,phases   ] GC(12)   Post Evacuate Collection Set: 1,1ms
[2025-06-03T11:50:58.329+0200][gc,phases   ] GC(12)   Other: 0,3ms
[2025-06-03T11:50:58.329+0200][gc,heap     ] GC(12) Eden regions: 82->0(240)
[2025-06-03T11:50:58.329+0200][gc,heap     ] GC(12) Survivor regions: 3->3(11)
[2025-06-03T11:50:58.329+0200][gc,heap     ] GC(12) Old regions: 18->18
[2025-06-03T11:50:58.329+0200][gc,heap     ] GC(12) Archive regions: 2->2
[2025-06-03T11:50:58.329+0200][gc,heap     ] GC(12) Humongous regions: 138->138
[2025-06-03T11:50:58.329+0200][gc,metaspace] GC(12) Metaspace: 42960K(43456K)->42960K(43456K) NonClass: 37861K(38144K)->37861K(38144K) Class: 5098K(5312K)->5098K(5312K)
[2025-06-03T11:50:58.329+0200][gc          ] GC(12) Pause Young (Normal) (G1 Evacuation Pause) 240M->158M(1024M) 8,038ms
[2025-06-03T11:50:58.329+0200][gc,cpu      ] GC(12) User=0,03s Sys=0,00s Real=0,01s
[2025-06-03T11:52:00.060+0200][gc,start    ] GC(13) Pause Young (Normal) (G1 Evacuation Pause)
[2025-06-03T11:52:00.061+0200][gc,task     ] GC(13) Using 6 workers of 6 for evacuation
[2025-06-03T11:52:00.069+0200][gc,phases   ] GC(13)   Pre Evacuate Collection Set: 0,3ms
[2025-06-03T11:52:00.069+0200][gc,phases   ] GC(13)   Merge Heap Roots: 0,3ms
[2025-06-03T11:52:00.069+0200][gc,phases   ] GC(13)   Evacuate Collection Set: 5,4ms
[2025-06-03T11:52:00.069+0200][gc,phases   ] GC(13)   Post Evacuate Collection Set: 1,9ms
[2025-06-03T11:52:00.069+0200][gc,phases   ] GC(13)   Other: 0,9ms
[2025-06-03T11:52:00.069+0200][gc,heap     ] GC(13) Eden regions: 240->0(415)
[2025-06-03T11:52:00.069+0200][gc,heap     ] GC(13) Survivor regions: 3->3(31)
[2025-06-03T11:52:00.069+0200][gc,heap     ] GC(13) Old regions: 18->18
[2025-06-03T11:52:00.069+0200][gc,heap     ] GC(13) Archive regions: 2->2
[2025-06-03T11:52:00.069+0200][gc,heap     ] GC(13) Humongous regions: 138->138
[2025-06-03T11:52:00.069+0200][gc,metaspace] GC(13) Metaspace: 43010K(43520K)->43010K(43520K) NonClass: 37911K(38208K)->37911K(38208K) Class: 5098K(5312K)->5098K(5312K)
[2025-06-03T11:52:00.069+0200][gc          ] GC(13) Pause Young (Normal) (G1 Evacuation Pause) 398M->158M(1024M) 9,092ms
[2025-06-03T11:52:00.069+0200][gc,cpu      ] GC(13) User=0,02s Sys=0,02s Real=0,01s
[2025-06-03T11:53:47.987+0200][gc,start    ] GC(14) Pause Young (Normal) (G1 Evacuation Pause)
[2025-06-03T11:53:47.987+0200][gc,task     ] GC(14) Using 6 workers of 6 for evacuation
[2025-06-03T11:53:47.997+0200][gc,phases   ] GC(14)   Pre Evacuate Collection Set: 0,4ms
[2025-06-03T11:53:47.997+0200][gc,phases   ] GC(14)   Merge Heap Roots: 0,3ms
[2025-06-03T11:53:47.997+0200][gc,phases   ] GC(14)   Evacuate Collection Set: 6,6ms
[2025-06-03T11:53:47.997+0200][gc,phases   ] GC(14)   Post Evacuate Collection Set: 1,5ms
[2025-06-03T11:53:47.997+0200][gc,phases   ] GC(14)   Other: 1,0ms
[2025-06-03T11:53:47.997+0200][gc,heap     ] GC(14) Eden regions: 415->0(611)
[2025-06-03T11:53:47.997+0200][gc,heap     ] GC(14) Survivor regions: 3->3(53)
[2025-06-03T11:53:47.997+0200][gc,heap     ] GC(14) Old regions: 18->18
[2025-06-03T11:53:47.997+0200][gc,heap     ] GC(14) Archive regions: 2->2
[2025-06-03T11:53:47.997+0200][gc,heap     ] GC(14) Humongous regions: 138->138
[2025-06-03T11:53:47.997+0200][gc,metaspace] GC(14) Metaspace: 43029K(43520K)->43029K(43520K) NonClass: 37930K(38208K)->37930K(38208K) Class: 5098K(5312K)->5098K(5312K)
[2025-06-03T11:53:47.997+0200][gc          ] GC(14) Pause Young (Normal) (G1 Evacuation Pause) 573M->158M(1024M) 10,080ms
[2025-06-03T11:53:47.997+0200][gc,cpu      ] GC(14) User=0,04s Sys=0,00s Real=0,01s
[2025-06-03T11:56:28.910+0200][gc,start    ] GC(15) Pause Young (Normal) (G1 Evacuation Pause)
[2025-06-03T11:56:28.911+0200][gc,task     ] GC(15) Using 6 workers of 6 for evacuation
[2025-06-03T11:56:28.920+0200][gc,phases   ] GC(15)   Pre Evacuate Collection Set: 0,4ms
[2025-06-03T11:56:28.920+0200][gc,phases   ] GC(15)   Merge Heap Roots: 0,4ms
[2025-06-03T11:56:28.920+0200][gc,phases   ] GC(15)   Evacuate Collection Set: 6,6ms
[2025-06-03T11:56:28.920+0200][gc,phases   ] GC(15)   Post Evacuate Collection Set: 1,3ms
[2025-06-03T11:56:28.920+0200][gc,phases   ] GC(15)   Other: 1,1ms
[2025-06-03T11:56:28.920+0200][gc,heap     ] GC(15) Eden regions: 611->0(611)
[2025-06-03T11:56:28.920+0200][gc,heap     ] GC(15) Survivor regions: 3->3(77)
[2025-06-03T11:56:28.920+0200][gc,heap     ] GC(15) Old regions: 18->18
[2025-06-03T11:56:28.920+0200][gc,heap     ] GC(15) Archive regions: 2->2
[2025-06-03T11:56:28.920+0200][gc,heap     ] GC(15) Humongous regions: 138->138
[2025-06-03T11:56:28.920+0200][gc,metaspace] GC(15) Metaspace: 43069K(43520K)->43069K(43520K) NonClass: 37969K(38208K)->37969K(38208K) Class: 5099K(5312K)->5099K(5312K)
[2025-06-03T11:56:28.920+0200][gc          ] GC(15) Pause Young (Normal) (G1 Evacuation Pause) 769M->158M(1024M) 10,128ms
[2025-06-03T11:56:28.920+0200][gc,cpu      ] GC(15) User=0,04s Sys=0,00s Real=0,01s
[2025-06-03T11:59:10.548+0200][gc,start    ] GC(16) Pause Young (Normal) (G1 Evacuation Pause)
[2025-06-03T11:59:10.548+0200][gc,task     ] GC(16) Using 6 workers of 6 for evacuation
[2025-06-03T11:59:10.556+0200][gc,phases   ] GC(16)   Pre Evacuate Collection Set: 0,4ms
[2025-06-03T11:59:10.556+0200][gc,phases   ] GC(16)   Merge Heap Roots: 0,4ms
[2025-06-03T11:59:10.556+0200][gc,phases   ] GC(16)   Evacuate Collection Set: 5,3ms
[2025-06-03T11:59:10.556+0200][gc,phases   ] GC(16)   Post Evacuate Collection Set: 1,3ms
[2025-06-03T11:59:10.556+0200][gc,phases   ] GC(16)   Other: 1,0ms
[2025-06-03T11:59:10.556+0200][gc,heap     ] GC(16) Eden regions: 611->0(611)
[2025-06-03T11:59:10.556+0200][gc,heap     ] GC(16) Survivor regions: 3->3(77)
[2025-06-03T11:59:10.556+0200][gc,heap     ] GC(16) Old regions: 18->18
[2025-06-03T11:59:10.556+0200][gc,heap     ] GC(16) Archive regions: 2->2
[2025-06-03T11:59:10.556+0200][gc,heap     ] GC(16) Humongous regions: 138->138
[2025-06-03T11:59:10.556+0200][gc,metaspace] GC(16) Metaspace: 43070K(43520K)->43070K(43520K) NonClass: 37971K(38208K)->37971K(38208K) Class: 5099K(5312K)->5099K(5312K)
[2025-06-03T11:59:10.556+0200][gc          ] GC(16) Pause Young (Normal) (G1 Evacuation Pause) 769M->159M(1024M) 8,558ms
[2025-06-03T11:59:10.556+0200][gc,cpu      ] GC(16) User=0,04s Sys=0,00s Real=0,01s
[2025-06-03T12:01:50.329+0200][gc,start    ] GC(17) Pause Young (Normal) (G1 Evacuation Pause)
[2025-06-03T12:01:50.330+0200][gc,task     ] GC(17) Using 6 workers of 6 for evacuation
[2025-06-03T12:01:50.339+0200][gc,phases   ] GC(17)   Pre Evacuate Collection Set: 0,4ms
[2025-06-03T12:01:50.340+0200][gc,phases   ] GC(17)   Merge Heap Roots: 0,4ms
[2025-06-03T12:01:50.340+0200][gc,phases   ] GC(17)   Evacuate Collection Set: 6,8ms
[2025-06-03T12:01:50.340+0200][gc,phases   ] GC(17)   Post Evacuate Collection Set: 1,5ms
[2025-06-03T12:01:50.340+0200][gc,phases   ] GC(17)   Other: 1,0ms
[2025-06-03T12:01:50.340+0200][gc,heap     ] GC(17) Eden regions: 611->0(610)
[2025-06-03T12:01:50.340+0200][gc,heap     ] GC(17) Survivor regions: 3->4(77)
[2025-06-03T12:01:50.340+0200][gc,heap     ] GC(17) Old regions: 18->18
[2025-06-03T12:01:50.340+0200][gc,heap     ] GC(17) Archive regions: 2->2
[2025-06-03T12:01:50.340+0200][gc,heap     ] GC(17) Humongous regions: 138->138
[2025-06-03T12:01:50.340+0200][gc,metaspace] GC(17) Metaspace: 43085K(43520K)->43085K(43520K) NonClass: 37985K(38208K)->37985K(38208K) Class: 5099K(5312K)->5099K(5312K)
[2025-06-03T12:01:50.340+0200][gc          ] GC(17) Pause Young (Normal) (G1 Evacuation Pause) 770M->159M(1024M) 10,411ms
[2025-06-03T12:01:50.340+0200][gc,cpu      ] GC(17) User=0,04s Sys=0,00s Real=0,01s
[2025-06-03T12:04:31.988+0200][gc,start    ] GC(18) Pause Young (Normal) (G1 Evacuation Pause)
[2025-06-03T12:04:31.989+0200][gc,task     ] GC(18) Using 6 workers of 6 for evacuation
[2025-06-03T12:04:31.997+0200][gc,phases   ] GC(18)   Pre Evacuate Collection Set: 0,4ms
[2025-06-03T12:04:31.997+0200][gc,phases   ] GC(18)   Merge Heap Roots: 0,5ms
[2025-06-03T12:04:31.997+0200][gc,phases   ] GC(18)   Evacuate Collection Set: 6,0ms
[2025-06-03T12:04:31.997+0200][gc,phases   ] GC(18)   Post Evacuate Collection Set: 1,5ms
[2025-06-03T12:04:31.997+0200][gc,phases   ] GC(18)   Other: 1,0ms
[2025-06-03T12:04:31.997+0200][gc,heap     ] GC(18) Eden regions: 610->0(610)
[2025-06-03T12:04:31.997+0200][gc,heap     ] GC(18) Survivor regions: 4->4(77)
[2025-06-03T12:04:31.997+0200][gc,heap     ] GC(18) Old regions: 18->18
[2025-06-03T12:04:31.998+0200][gc,heap     ] GC(18) Archive regions: 2->2
[2025-06-03T12:04:31.998+0200][gc,heap     ] GC(18) Humongous regions: 138->138
[2025-06-03T12:04:31.998+0200][gc,metaspace] GC(18) Metaspace: 43090K(43584K)->43090K(43584K) NonClass: 37990K(38272K)->37990K(38272K) Class: 5099K(5312K)->5099K(5312K)
[2025-06-03T12:04:31.998+0200][gc          ] GC(18) Pause Young (Normal) (G1 Evacuation Pause) 769M->159M(1024M) 9,556ms
[2025-06-03T12:04:31.998+0200][gc,cpu      ] GC(18) User=0,04s Sys=0,00s Real=0,01s
[2025-06-03T12:07:12.667+0200][gc,start    ] GC(19) Pause Young (Normal) (G1 Evacuation Pause)
[2025-06-03T12:07:12.667+0200][gc,task     ] GC(19) Using 6 workers of 6 for evacuation
[2025-06-03T12:07:12.670+0200][gc,phases   ] GC(19)   Pre Evacuate Collection Set: 0,1ms
[2025-06-03T12:07:12.670+0200][gc,phases   ] GC(19)   Merge Heap Roots: 0,1ms
[2025-06-03T12:07:12.670+0200][gc,phases   ] GC(19)   Evacuate Collection Set: 2,0ms
[2025-06-03T12:07:12.670+0200][gc,phases   ] GC(19)   Post Evacuate Collection Set: 0,5ms
[2025-06-03T12:07:12.670+0200][gc,phases   ] GC(19)   Other: 0,4ms
[2025-06-03T12:07:12.670+0200][gc,heap     ] GC(19) Eden regions: 610->0(610)
[2025-06-03T12:07:12.670+0200][gc,heap     ] GC(19) Survivor regions: 4->4(77)
[2025-06-03T12:07:12.670+0200][gc,heap     ] GC(19) Old regions: 18->18
[2025-06-03T12:07:12.670+0200][gc,heap     ] GC(19) Archive regions: 2->2
[2025-06-03T12:07:12.670+0200][gc,heap     ] GC(19) Humongous regions: 138->138
[2025-06-03T12:07:12.670+0200][gc,metaspace] GC(19) Metaspace: 43100K(43648K)->43100K(43648K) NonClass: 38001K(38336K)->38001K(38336K) Class: 5099K(5312K)->5099K(5312K)
[2025-06-03T12:07:12.670+0200][gc          ] GC(19) Pause Young (Normal) (G1 Evacuation Pause) 769M->159M(1024M) 3,134ms
[2025-06-03T12:07:12.670+0200][gc,cpu      ] GC(19) User=0,00s Sys=0,00s Real=0,00s
[2025-06-03T12:09:53.813+0200][gc,start    ] GC(20) Pause Young (Normal) (G1 Evacuation Pause)
[2025-06-03T12:09:53.813+0200][gc,task     ] GC(20) Using 6 workers of 6 for evacuation
[2025-06-03T12:09:53.823+0200][gc,phases   ] GC(20)   Pre Evacuate Collection Set: 0,3ms
[2025-06-03T12:09:53.823+0200][gc,phases   ] GC(20)   Merge Heap Roots: 0,4ms
[2025-06-03T12:09:53.823+0200][gc,phases   ] GC(20)   Evacuate Collection Set: 6,7ms
[2025-06-03T12:09:53.823+0200][gc,phases   ] GC(20)   Post Evacuate Collection Set: 1,7ms
[2025-06-03T12:09:53.823+0200][gc,phases   ] GC(20)   Other: 0,9ms
[2025-06-03T12:09:53.823+0200][gc,heap     ] GC(20) Eden regions: 610->0(610)
[2025-06-03T12:09:53.823+0200][gc,heap     ] GC(20) Survivor regions: 4->4(77)
[2025-06-03T12:09:53.823+0200][gc,heap     ] GC(20) Old regions: 18->18
[2025-06-03T12:09:53.823+0200][gc,heap     ] GC(20) Archive regions: 2->2
[2025-06-03T12:09:53.823+0200][gc,heap     ] GC(20) Humongous regions: 138->138
[2025-06-03T12:09:53.823+0200][gc,metaspace] GC(20) Metaspace: 43103K(43648K)->43103K(43648K) NonClass: 38003K(38336K)->38003K(38336K) Class: 5099K(5312K)->5099K(5312K)
[2025-06-03T12:09:53.823+0200][gc          ] GC(20) Pause Young (Normal) (G1 Evacuation Pause) 769M->160M(1024M) 10,273ms
[2025-06-03T12:09:53.823+0200][gc,cpu      ] GC(20) User=0,04s Sys=0,00s Real=0,00s
[2025-06-03T12:12:35.405+0200][gc,start    ] GC(21) Pause Young (Normal) (G1 Evacuation Pause)
[2025-06-03T12:12:35.405+0200][gc,task     ] GC(21) Using 6 workers of 6 for evacuation
[2025-06-03T12:12:35.415+0200][gc,phases   ] GC(21)   Pre Evacuate Collection Set: 0,3ms
[2025-06-03T12:12:35.415+0200][gc,phases   ] GC(21)   Merge Heap Roots: 0,5ms
[2025-06-03T12:12:35.415+0200][gc,phases   ] GC(21)   Evacuate Collection Set: 6,5ms
[2025-06-03T12:12:35.415+0200][gc,phases   ] GC(21)   Post Evacuate Collection Set: 1,8ms
[2025-06-03T12:12:35.415+0200][gc,phases   ] GC(21)   Other: 1,1ms
[2025-06-03T12:12:35.415+0200][gc,heap     ] GC(21) Eden regions: 610->0(610)
[2025-06-03T12:12:35.415+0200][gc,heap     ] GC(21) Survivor regions: 4->4(77)
[2025-06-03T12:12:35.415+0200][gc,heap     ] GC(21) Old regions: 18->18
[2025-06-03T12:12:35.415+0200][gc,heap     ] GC(21) Archive regions: 2->2
[2025-06-03T12:12:35.415+0200][gc,heap     ] GC(21) Humongous regions: 138->138
[2025-06-03T12:12:35.415+0200][gc,metaspace] GC(21) Metaspace: 43124K(43648K)->43124K(43648K) NonClass: 38025K(38336K)->38025K(38336K) Class: 5099K(5312K)->5099K(5312K)
[2025-06-03T12:12:35.415+0200][gc          ] GC(21) Pause Young (Normal) (G1 Evacuation Pause) 770M->160M(1024M) 10,410ms
[2025-06-03T12:12:35.415+0200][gc,cpu      ] GC(21) User=0,04s Sys=0,00s Real=0,01s
[2025-06-03T12:15:05.339+0200][gc,start    ] GC(22) Pause Young (Normal) (G1 Evacuation Pause)
[2025-06-03T12:15:05.339+0200][gc,task     ] GC(22) Using 6 workers of 6 for evacuation
[2025-06-03T12:15:05.350+0200][gc,phases   ] GC(22)   Pre Evacuate Collection Set: 0,3ms
[2025-06-03T12:15:05.351+0200][gc,phases   ] GC(22)   Merge Heap Roots: 0,3ms
[2025-06-03T12:15:05.351+0200][gc,phases   ] GC(22)   Evacuate Collection Set: 7,9ms
[2025-06-03T12:15:05.351+0200][gc,phases   ] GC(22)   Post Evacuate Collection Set: 2,7ms
[2025-06-03T12:15:05.351+0200][gc,phases   ] GC(22)   Other: 0,4ms
[2025-06-03T12:15:05.351+0200][gc,heap     ] GC(22) Eden regions: 610->0(609)
[2025-06-03T12:15:05.351+0200][gc,heap     ] GC(22) Survivor regions: 4->5(77)
[2025-06-03T12:15:05.351+0200][gc,heap     ] GC(22) Old regions: 18->18
[2025-06-03T12:15:05.351+0200][gc,heap     ] GC(22) Archive regions: 2->2
[2025-06-03T12:15:05.351+0200][gc,heap     ] GC(22) Humongous regions: 138->138
[2025-06-03T12:15:05.351+0200][gc,metaspace] GC(22) Metaspace: 43124K(43648K)->43124K(43648K) NonClass: 38025K(38336K)->38025K(38336K) Class: 5099K(5312K)->5099K(5312K)
[2025-06-03T12:15:05.351+0200][gc          ] GC(22) Pause Young (Normal) (G1 Evacuation Pause) 770M->160M(1024M) 11,817ms
[2025-06-03T12:15:05.351+0200][gc,cpu      ] GC(22) User=0,03s Sys=0,01s Real=0,01s
[2025-06-03T12:17:47.329+0200][gc,start    ] GC(23) Pause Young (Normal) (G1 Evacuation Pause)
[2025-06-03T12:17:47.330+0200][gc,task     ] GC(23) Using 6 workers of 6 for evacuation
[2025-06-03T12:17:47.342+0200][gc,phases   ] GC(23)   Pre Evacuate Collection Set: 0,3ms
[2025-06-03T12:17:47.342+0200][gc,phases   ] GC(23)   Merge Heap Roots: 0,4ms
[2025-06-03T12:17:47.342+0200][gc,phases   ] GC(23)   Evacuate Collection Set: 9,5ms
[2025-06-03T12:17:47.342+0200][gc,phases   ] GC(23)   Post Evacuate Collection Set: 1,6ms
[2025-06-03T12:17:47.342+0200][gc,phases   ] GC(23)   Other: 1,1ms
[2025-06-03T12:17:47.342+0200][gc,heap     ] GC(23) Eden regions: 609->0(610)
[2025-06-03T12:17:47.342+0200][gc,heap     ] GC(23) Survivor regions: 5->4(77)
[2025-06-03T12:17:47.342+0200][gc,heap     ] GC(23) Old regions: 18->18
[2025-06-03T12:17:47.342+0200][gc,heap     ] GC(23) Archive regions: 2->2
[2025-06-03T12:17:47.342+0200][gc,heap     ] GC(23) Humongous regions: 138->138
[2025-06-03T12:17:47.342+0200][gc,metaspace] GC(23) Metaspace: 43151K(43648K)->43151K(43648K) NonClass: 38051K(38336K)->38051K(38336K) Class: 5100K(5312K)->5100K(5312K)
[2025-06-03T12:17:47.342+0200][gc          ] GC(23) Pause Young (Normal) (G1 Evacuation Pause) 769M->160M(1024M) 13,096ms
[2025-06-03T12:17:47.342+0200][gc,cpu      ] GC(23) User=0,05s Sys=0,00s Real=0,01s
[2025-06-03T12:20:27.694+0200][gc,start    ] GC(24) Pause Young (Normal) (G1 Evacuation Pause)
[2025-06-03T12:20:27.695+0200][gc,task     ] GC(24) Using 6 workers of 6 for evacuation
[2025-06-03T12:20:27.706+0200][gc,phases   ] GC(24)   Pre Evacuate Collection Set: 0,4ms
[2025-06-03T12:20:27.706+0200][gc,phases   ] GC(24)   Merge Heap Roots: 0,5ms
[2025-06-03T12:20:27.706+0200][gc,phases   ] GC(24)   Evacuate Collection Set: 8,4ms
[2025-06-03T12:20:27.706+0200][gc,phases   ] GC(24)   Post Evacuate Collection Set: 1,8ms
[2025-06-03T12:20:27.706+0200][gc,phases   ] GC(24)   Other: 1,0ms
[2025-06-03T12:20:27.706+0200][gc,heap     ] GC(24) Eden regions: 610->0(610)
[2025-06-03T12:20:27.706+0200][gc,heap     ] GC(24) Survivor regions: 4->4(77)
[2025-06-03T12:20:27.706+0200][gc,heap     ] GC(24) Old regions: 18->18
[2025-06-03T12:20:27.706+0200][gc,heap     ] GC(24) Archive regions: 2->2
[2025-06-03T12:20:27.706+0200][gc,heap     ] GC(24) Humongous regions: 138->138
[2025-06-03T12:20:27.706+0200][gc,metaspace] GC(24) Metaspace: 43153K(43648K)->43153K(43648K) NonClass: 38052K(38336K)->38052K(38336K) Class: 5100K(5312K)->5100K(5312K)
[2025-06-03T12:20:27.706+0200][gc          ] GC(24) Pause Young (Normal) (G1 Evacuation Pause) 770M->160M(1024M) 12,199ms
[2025-06-03T12:20:27.706+0200][gc,cpu      ] GC(24) User=0,05s Sys=0,00s Real=0,01s
[2025-06-03T12:23:03.463+0200][gc,start    ] GC(25) Pause Young (Normal) (G1 Evacuation Pause)
[2025-06-03T12:23:03.463+0200][gc,task     ] GC(25) Using 6 workers of 6 for evacuation
[2025-06-03T12:23:03.474+0200][gc,phases   ] GC(25)   Pre Evacuate Collection Set: 0,4ms
[2025-06-03T12:23:03.474+0200][gc,phases   ] GC(25)   Merge Heap Roots: 0,4ms
[2025-06-03T12:23:03.474+0200][gc,phases   ] GC(25)   Evacuate Collection Set: 8,0ms
[2025-06-03T12:23:03.474+0200][gc,phases   ] GC(25)   Post Evacuate Collection Set: 1,3ms
[2025-06-03T12:23:03.474+0200][gc,phases   ] GC(25)   Other: 0,9ms
[2025-06-03T12:23:03.474+0200][gc,heap     ] GC(25) Eden regions: 610->0(610)
[2025-06-03T12:23:03.474+0200][gc,heap     ] GC(25) Survivor regions: 4->4(77)
[2025-06-03T12:23:03.474+0200][gc,heap     ] GC(25) Old regions: 18->19
[2025-06-03T12:23:03.474+0200][gc,heap     ] GC(25) Archive regions: 2->2
[2025-06-03T12:23:03.474+0200][gc,heap     ] GC(25) Humongous regions: 138->138
[2025-06-03T12:23:03.474+0200][gc,metaspace] GC(25) Metaspace: 43155K(43648K)->43155K(43648K) NonClass: 38054K(38336K)->38054K(38336K) Class: 5100K(5312K)->5100K(5312K)
[2025-06-03T12:23:03.474+0200][gc          ] GC(25) Pause Young (Normal) (G1 Evacuation Pause) 770M->161M(1024M) 11,226ms
[2025-06-03T12:23:03.474+0200][gc,cpu      ] GC(25) User=0,04s Sys=0,00s Real=0,02s
[2025-06-03T12:25:45.953+0200][gc,start    ] GC(26) Pause Young (Normal) (G1 Evacuation Pause)
[2025-06-03T12:25:45.954+0200][gc,task     ] GC(26) Using 6 workers of 6 for evacuation
[2025-06-03T12:25:45.963+0200][gc,phases   ] GC(26)   Pre Evacuate Collection Set: 0,3ms
[2025-06-03T12:25:45.963+0200][gc,phases   ] GC(26)   Merge Heap Roots: 0,4ms
[2025-06-03T12:25:45.963+0200][gc,phases   ] GC(26)   Evacuate Collection Set: 7,0ms
[2025-06-03T12:25:45.963+0200][gc,phases   ] GC(26)   Post Evacuate Collection Set: 1,3ms
[2025-06-03T12:25:45.963+0200][gc,phases   ] GC(26)   Other: 1,0ms
[2025-06-03T12:25:45.963+0200][gc,heap     ] GC(26) Eden regions: 610->0(610)
[2025-06-03T12:25:45.963+0200][gc,heap     ] GC(26) Survivor regions: 4->4(77)
[2025-06-03T12:25:45.963+0200][gc,heap     ] GC(26) Old regions: 19->19
[2025-06-03T12:25:45.963+0200][gc,heap     ] GC(26) Archive regions: 2->2
[2025-06-03T12:25:45.963+0200][gc,heap     ] GC(26) Humongous regions: 138->138
[2025-06-03T12:25:45.963+0200][gc,metaspace] GC(26) Metaspace: 43156K(43648K)->43156K(43648K) NonClass: 38056K(38336K)->38056K(38336K) Class: 5100K(5312K)->5100K(5312K)
[2025-06-03T12:25:45.963+0200][gc          ] GC(26) Pause Young (Normal) (G1 Evacuation Pause) 771M->161M(1024M) 10,251ms
[2025-06-03T12:25:45.964+0200][gc,cpu      ] GC(26) User=0,04s Sys=0,00s Real=0,01s
[2025-06-03T12:28:27.896+0200][gc,start    ] GC(27) Pause Young (Normal) (G1 Evacuation Pause)
[2025-06-03T12:28:27.897+0200][gc,task     ] GC(27) Using 6 workers of 6 for evacuation
[2025-06-03T12:28:27.904+0200][gc,phases   ] GC(27)   Pre Evacuate Collection Set: 0,4ms
[2025-06-03T12:28:27.904+0200][gc,phases   ] GC(27)   Merge Heap Roots: 0,5ms
[2025-06-03T12:28:27.904+0200][gc,phases   ] GC(27)   Evacuate Collection Set: 6,1ms
[2025-06-03T12:28:27.904+0200][gc,phases   ] GC(27)   Post Evacuate Collection Set: 0,6ms
[2025-06-03T12:28:27.904+0200][gc,phases   ] GC(27)   Other: 1,1ms
[2025-06-03T12:28:27.904+0200][gc,heap     ] GC(27) Eden regions: 610->0(609)
[2025-06-03T12:28:27.904+0200][gc,heap     ] GC(27) Survivor regions: 4->5(77)
[2025-06-03T12:28:27.904+0200][gc,heap     ] GC(27) Old regions: 19->19
[2025-06-03T12:28:27.904+0200][gc,heap     ] GC(27) Archive regions: 2->2
[2025-06-03T12:28:27.904+0200][gc,heap     ] GC(27) Humongous regions: 138->138
[2025-06-03T12:28:27.904+0200][gc,metaspace] GC(27) Metaspace: 43174K(43648K)->43174K(43648K) NonClass: 38073K(38336K)->38073K(38336K) Class: 5101K(5312K)->5101K(5312K)
[2025-06-03T12:28:27.904+0200][gc          ] GC(27) Pause Young (Normal) (G1 Evacuation Pause) 771M->161M(1024M) 8,672ms
[2025-06-03T12:28:27.904+0200][gc,cpu      ] GC(27) User=0,03s Sys=0,00s Real=0,01s
[2025-06-03T12:31:09.707+0200][gc,start    ] GC(28) Pause Young (Normal) (G1 Evacuation Pause)
[2025-06-03T12:31:09.708+0200][gc,task     ] GC(28) Using 6 workers of 6 for evacuation
[2025-06-03T12:31:09.712+0200][gc,phases   ] GC(28)   Pre Evacuate Collection Set: 0,2ms
[2025-06-03T12:31:09.712+0200][gc,phases   ] GC(28)   Merge Heap Roots: 0,2ms
[2025-06-03T12:31:09.712+0200][gc,phases   ] GC(28)   Evacuate Collection Set: 3,4ms
[2025-06-03T12:31:09.712+0200][gc,phases   ] GC(28)   Post Evacuate Collection Set: 0,6ms
[2025-06-03T12:31:09.712+0200][gc,phases   ] GC(28)   Other: 0,6ms
[2025-06-03T12:31:09.712+0200][gc,heap     ] GC(28) Eden regions: 609->0(609)
[2025-06-03T12:31:09.712+0200][gc,heap     ] GC(28) Survivor regions: 5->5(77)
[2025-06-03T12:31:09.712+0200][gc,heap     ] GC(28) Old regions: 19->19
[2025-06-03T12:31:09.712+0200][gc,heap     ] GC(28) Archive regions: 2->2
[2025-06-03T12:31:09.712+0200][gc,heap     ] GC(28) Humongous regions: 138->138
[2025-06-03T12:31:09.712+0200][gc,metaspace] GC(28) Metaspace: 43181K(43648K)->43181K(43648K) NonClass: 38080K(38336K)->38080K(38336K) Class: 5101K(5312K)->5101K(5312K)
[2025-06-03T12:31:09.712+0200][gc          ] GC(28) Pause Young (Normal) (G1 Evacuation Pause) 770M->162M(1024M) 5,112ms
[2025-06-03T12:31:09.712+0200][gc,cpu      ] GC(28) User=0,01s Sys=0,00s Real=0,01s
[2025-06-03T12:33:50.925+0200][gc,start    ] GC(29) Pause Young (Normal) (G1 Evacuation Pause)
[2025-06-03T12:33:50.925+0200][gc,task     ] GC(29) Using 6 workers of 6 for evacuation
[2025-06-03T12:33:50.935+0200][gc,phases   ] GC(29)   Pre Evacuate Collection Set: 0,3ms
[2025-06-03T12:33:50.935+0200][gc,phases   ] GC(29)   Merge Heap Roots: 0,4ms
[2025-06-03T12:33:50.935+0200][gc,phases   ] GC(29)   Evacuate Collection Set: 7,6ms
[2025-06-03T12:33:50.935+0200][gc,phases   ] GC(29)   Post Evacuate Collection Set: 1,1ms
[2025-06-03T12:33:50.935+0200][gc,phases   ] GC(29)   Other: 1,0ms
[2025-06-03T12:33:50.935+0200][gc,heap     ] GC(29) Eden regions: 609->0(609)
[2025-06-03T12:33:50.935+0200][gc,heap     ] GC(29) Survivor regions: 5->5(77)
[2025-06-03T12:33:50.935+0200][gc,heap     ] GC(29) Old regions: 19->19
[2025-06-03T12:33:50.935+0200][gc,heap     ] GC(29) Archive regions: 2->2
[2025-06-03T12:33:50.935+0200][gc,heap     ] GC(29) Humongous regions: 138->138
[2025-06-03T12:33:50.935+0200][gc,metaspace] GC(29) Metaspace: 43194K(43648K)->43194K(43648K) NonClass: 38093K(38336K)->38093K(38336K) Class: 5101K(5312K)->5101K(5312K)
[2025-06-03T12:33:50.935+0200][gc          ] GC(29) Pause Young (Normal) (G1 Evacuation Pause) 771M->162M(1024M) 10,684ms
[2025-06-03T12:33:50.935+0200][gc,cpu      ] GC(29) User=0,05s Sys=0,00s Real=0,01s
[2025-06-03T12:36:29.208+0200][gc,start    ] GC(30) Pause Young (Normal) (G1 Evacuation Pause)
[2025-06-03T12:36:29.209+0200][gc,task     ] GC(30) Using 6 workers of 6 for evacuation
[2025-06-03T12:36:29.223+0200][gc,phases   ] GC(30)   Pre Evacuate Collection Set: 0,3ms
[2025-06-03T12:36:29.223+0200][gc,phases   ] GC(30)   Merge Heap Roots: 0,5ms
[2025-06-03T12:36:29.223+0200][gc,phases   ] GC(30)   Evacuate Collection Set: 11,8ms
[2025-06-03T12:36:29.223+0200][gc,phases   ] GC(30)   Post Evacuate Collection Set: 1,4ms
[2025-06-03T12:36:29.223+0200][gc,phases   ] GC(30)   Other: 1,1ms
[2025-06-03T12:36:29.223+0200][gc,heap     ] GC(30) Eden regions: 609->0(608)
[2025-06-03T12:36:29.223+0200][gc,heap     ] GC(30) Survivor regions: 5->6(77)
[2025-06-03T12:36:29.223+0200][gc,heap     ] GC(30) Old regions: 19->19
[2025-06-03T12:36:29.223+0200][gc,heap     ] GC(30) Archive regions: 2->2
[2025-06-03T12:36:29.223+0200][gc,heap     ] GC(30) Humongous regions: 147->147
[2025-06-03T12:36:29.223+0200][gc,metaspace] GC(30) Metaspace: 43341K(43840K)->43341K(43840K) NonClass: 38213K(38528K)->38213K(38528K) Class: 5128K(5312K)->5128K(5312K)
[2025-06-03T12:36:29.223+0200][gc          ] GC(30) Pause Young (Normal) (G1 Evacuation Pause) 780M->172M(1024M) 15,287ms
[2025-06-03T12:36:29.223+0200][gc,cpu      ] GC(30) User=0,06s Sys=0,00s Real=0,01s
[2025-06-03T12:39:08.495+0200][gc,start    ] GC(31) Pause Young (Normal) (G1 Evacuation Pause)
[2025-06-03T12:39:08.496+0200][gc,task     ] GC(31) Using 6 workers of 6 for evacuation
[2025-06-03T12:39:08.506+0200][gc,phases   ] GC(31)   Pre Evacuate Collection Set: 0,3ms
[2025-06-03T12:39:08.506+0200][gc,phases   ] GC(31)   Merge Heap Roots: 0,4ms
[2025-06-03T12:39:08.506+0200][gc,phases   ] GC(31)   Evacuate Collection Set: 8,8ms
[2025-06-03T12:39:08.506+0200][gc,phases   ] GC(31)   Post Evacuate Collection Set: 0,6ms
[2025-06-03T12:39:08.506+0200][gc,phases   ] GC(31)   Other: 1,0ms
[2025-06-03T12:39:08.506+0200][gc,heap     ] GC(31) Eden regions: 608->0(608)
[2025-06-03T12:39:08.506+0200][gc,heap     ] GC(31) Survivor regions: 6->6(77)
[2025-06-03T12:39:08.506+0200][gc,heap     ] GC(31) Old regions: 19->20
[2025-06-03T12:39:08.506+0200][gc,heap     ] GC(31) Archive regions: 2->2
[2025-06-03T12:39:08.506+0200][gc,heap     ] GC(31) Humongous regions: 147->147
[2025-06-03T12:39:08.506+0200][gc,metaspace] GC(31) Metaspace: 43362K(43840K)->43362K(43840K) NonClass: 38234K(38528K)->38234K(38528K) Class: 5128K(5312K)->5128K(5312K)
[2025-06-03T12:39:08.506+0200][gc          ] GC(31) Pause Young (Normal) (G1 Evacuation Pause) 780M->172M(1024M) 11,092ms
[2025-06-03T12:39:08.506+0200][gc,cpu      ] GC(31) User=0,04s Sys=0,01s Real=0,01s
[2025-06-03T12:41:47.619+0200][gc,start    ] GC(32) Pause Young (Normal) (G1 Evacuation Pause)
[2025-06-03T12:41:47.620+0200][gc,task     ] GC(32) Using 6 workers of 6 for evacuation
[2025-06-03T12:41:47.630+0200][gc,phases   ] GC(32)   Pre Evacuate Collection Set: 0,3ms
[2025-06-03T12:41:47.630+0200][gc,phases   ] GC(32)   Merge Heap Roots: 0,5ms
[2025-06-03T12:41:47.630+0200][gc,phases   ] GC(32)   Evacuate Collection Set: 7,7ms
[2025-06-03T12:41:47.630+0200][gc,phases   ] GC(32)   Post Evacuate Collection Set: 1,4ms
[2025-06-03T12:41:47.630+0200][gc,phases   ] GC(32)   Other: 1,1ms
[2025-06-03T12:41:47.630+0200][gc,heap     ] GC(32) Eden regions: 608->0(609)
[2025-06-03T12:41:47.630+0200][gc,heap     ] GC(32) Survivor regions: 6->5(77)
[2025-06-03T12:41:47.630+0200][gc,heap     ] GC(32) Old regions: 20->20
[2025-06-03T12:41:47.630+0200][gc,heap     ] GC(32) Archive regions: 2->2
[2025-06-03T12:41:47.630+0200][gc,heap     ] GC(32) Humongous regions: 147->147
[2025-06-03T12:41:47.630+0200][gc,metaspace] GC(32) Metaspace: 43372K(43840K)->43372K(43840K) NonClass: 38244K(38528K)->38244K(38528K) Class: 5128K(5312K)->5128K(5312K)
[2025-06-03T12:41:47.631+0200][gc          ] GC(32) Pause Young (Normal) (G1 Evacuation Pause) 780M->172M(1024M) 11,206ms
[2025-06-03T12:41:47.631+0200][gc,cpu      ] GC(32) User=0,05s Sys=0,00s Real=0,01s
[2025-06-03T12:44:26.825+0200][gc,start    ] GC(33) Pause Young (Normal) (G1 Evacuation Pause)
[2025-06-03T12:44:26.826+0200][gc,task     ] GC(33) Using 6 workers of 6 for evacuation
[2025-06-03T12:44:26.839+0200][gc,phases   ] GC(33)   Pre Evacuate Collection Set: 0,4ms
[2025-06-03T12:44:26.839+0200][gc,phases   ] GC(33)   Merge Heap Roots: 0,5ms
[2025-06-03T12:44:26.839+0200][gc,phases   ] GC(33)   Evacuate Collection Set: 11,0ms
[2025-06-03T12:44:26.839+0200][gc,phases   ] GC(33)   Post Evacuate Collection Set: 1,4ms
[2025-06-03T12:44:26.839+0200][gc,phases   ] GC(33)   Other: 1,0ms
[2025-06-03T12:44:26.839+0200][gc,heap     ] GC(33) Eden regions: 609->0(609)
[2025-06-03T12:44:26.839+0200][gc,heap     ] GC(33) Survivor regions: 5->5(77)
[2025-06-03T12:44:26.839+0200][gc,heap     ] GC(33) Old regions: 20->20
[2025-06-03T12:44:26.839+0200][gc,heap     ] GC(33) Archive regions: 2->2
[2025-06-03T12:44:26.839+0200][gc,heap     ] GC(33) Humongous regions: 147->147
[2025-06-03T12:44:26.839+0200][gc,metaspace] GC(33) Metaspace: 43373K(43840K)->43373K(43840K) NonClass: 38244K(38528K)->38244K(38528K) Class: 5128K(5312K)->5128K(5312K)
[2025-06-03T12:44:26.839+0200][gc          ] GC(33) Pause Young (Normal) (G1 Evacuation Pause) 781M->172M(1024M) 14,412ms
[2025-06-03T12:44:26.839+0200][gc,cpu      ] GC(33) User=0,06s Sys=0,00s Real=0,01s
[2025-06-03T12:47:06.903+0200][gc,start    ] GC(34) Pause Young (Normal) (G1 Evacuation Pause)
[2025-06-03T12:47:06.904+0200][gc,task     ] GC(34) Using 6 workers of 6 for evacuation
[2025-06-03T12:47:06.913+0200][gc,phases   ] GC(34)   Pre Evacuate Collection Set: 0,3ms
[2025-06-03T12:47:06.913+0200][gc,phases   ] GC(34)   Merge Heap Roots: 0,4ms
[2025-06-03T12:47:06.913+0200][gc,phases   ] GC(34)   Evacuate Collection Set: 7,7ms
[2025-06-03T12:47:06.913+0200][gc,phases   ] GC(34)   Post Evacuate Collection Set: 1,1ms
[2025-06-03T12:47:06.913+0200][gc,phases   ] GC(34)   Other: 0,7ms
[2025-06-03T12:47:06.913+0200][gc,heap     ] GC(34) Eden regions: 609->0(609)
[2025-06-03T12:47:06.913+0200][gc,heap     ] GC(34) Survivor regions: 5->5(77)
[2025-06-03T12:47:06.913+0200][gc,heap     ] GC(34) Old regions: 20->20
[2025-06-03T12:47:06.913+0200][gc,heap     ] GC(34) Archive regions: 2->2
[2025-06-03T12:47:06.913+0200][gc,heap     ] GC(34) Humongous regions: 147->147
[2025-06-03T12:47:06.913+0200][gc,metaspace] GC(34) Metaspace: 43373K(43840K)->43373K(43840K) NonClass: 38244K(38528K)->38244K(38528K) Class: 5128K(5312K)->5128K(5312K)
[2025-06-03T12:47:06.914+0200][gc          ] GC(34) Pause Young (Normal) (G1 Evacuation Pause) 781M->172M(1024M) 10,331ms
[2025-06-03T12:47:06.914+0200][gc,cpu      ] GC(34) User=0,04s Sys=0,00s Real=0,02s
[2025-06-03T12:49:46.600+0200][gc,start    ] GC(35) Pause Young (Normal) (G1 Evacuation Pause)
[2025-06-03T12:49:46.601+0200][gc,task     ] GC(35) Using 6 workers of 6 for evacuation
[2025-06-03T12:49:46.612+0200][gc,phases   ] GC(35)   Pre Evacuate Collection Set: 0,4ms
[2025-06-03T12:49:46.612+0200][gc,phases   ] GC(35)   Merge Heap Roots: 0,5ms
[2025-06-03T12:49:46.612+0200][gc,phases   ] GC(35)   Evacuate Collection Set: 8,9ms
[2025-06-03T12:49:46.612+0200][gc,phases   ] GC(35)   Post Evacuate Collection Set: 1,3ms
[2025-06-03T12:49:46.612+0200][gc,phases   ] GC(35)   Other: 1,0ms
[2025-06-03T12:49:46.612+0200][gc,heap     ] GC(35) Eden regions: 609->0(609)
[2025-06-03T12:49:46.612+0200][gc,heap     ] GC(35) Survivor regions: 5->5(77)
[2025-06-03T12:49:46.612+0200][gc,heap     ] GC(35) Old regions: 20->21
[2025-06-03T12:49:46.612+0200][gc,heap     ] GC(35) Archive regions: 2->2
[2025-06-03T12:49:46.612+0200][gc,heap     ] GC(35) Humongous regions: 147->147
[2025-06-03T12:49:46.612+0200][gc,metaspace] GC(35) Metaspace: 43376K(43840K)->43376K(43840K) NonClass: 38248K(38528K)->38248K(38528K) Class: 5128K(5312K)->5128K(5312K)
[2025-06-03T12:49:46.612+0200][gc          ] GC(35) Pause Young (Normal) (G1 Evacuation Pause) 781M->172M(1024M) 12,240ms
[2025-06-03T12:49:46.612+0200][gc,cpu      ] GC(35) User=0,05s Sys=0,00s Real=0,02s
[2025-06-03T12:52:26.515+0200][gc,start    ] GC(36) Pause Young (Normal) (G1 Evacuation Pause)
[2025-06-03T12:52:26.515+0200][gc,task     ] GC(36) Using 6 workers of 6 for evacuation
[2025-06-03T12:52:26.522+0200][gc,phases   ] GC(36)   Pre Evacuate Collection Set: 0,3ms
[2025-06-03T12:52:26.522+0200][gc,phases   ] GC(36)   Merge Heap Roots: 0,4ms
[2025-06-03T12:52:26.522+0200][gc,phases   ] GC(36)   Evacuate Collection Set: 5,1ms
[2025-06-03T12:52:26.522+0200][gc,phases   ] GC(36)   Post Evacuate Collection Set: 0,7ms
[2025-06-03T12:52:26.522+0200][gc,phases   ] GC(36)   Other: 1,0ms
[2025-06-03T12:52:26.522+0200][gc,heap     ] GC(36) Eden regions: 609->0(609)
[2025-06-03T12:52:26.522+0200][gc,heap     ] GC(36) Survivor regions: 5->5(77)
[2025-06-03T12:52:26.522+0200][gc,heap     ] GC(36) Old regions: 21->21
[2025-06-03T12:52:26.522+0200][gc,heap     ] GC(36) Archive regions: 2->2
[2025-06-03T12:52:26.522+0200][gc,heap     ] GC(36) Humongous regions: 147->147
[2025-06-03T12:52:26.522+0200][gc,metaspace] GC(36) Metaspace: 43379K(43840K)->43379K(43840K) NonClass: 38251K(38528K)->38251K(38528K) Class: 5128K(5312K)->5128K(5312K)
[2025-06-03T12:52:26.522+0200][gc          ] GC(36) Pause Young (Normal) (G1 Evacuation Pause) 781M->172M(1024M) 7,542ms
[2025-06-03T12:52:26.522+0200][gc,cpu      ] GC(36) User=0,03s Sys=0,00s Real=0,00s
[2025-06-03T12:55:00.516+0200][gc,start    ] GC(37) Pause Young (Normal) (G1 Evacuation Pause)
[2025-06-03T12:55:00.517+0200][gc,task     ] GC(37) Using 6 workers of 6 for evacuation
[2025-06-03T12:55:00.524+0200][gc,phases   ] GC(37)   Pre Evacuate Collection Set: 0,3ms
[2025-06-03T12:55:00.524+0200][gc,phases   ] GC(37)   Merge Heap Roots: 0,4ms
[2025-06-03T12:55:00.524+0200][gc,phases   ] GC(37)   Evacuate Collection Set: 5,9ms
[2025-06-03T12:55:00.524+0200][gc,phases   ] GC(37)   Post Evacuate Collection Set: 0,7ms
[2025-06-03T12:55:00.524+0200][gc,phases   ] GC(37)   Other: 1,0ms
[2025-06-03T12:55:00.524+0200][gc,heap     ] GC(37) Eden regions: 609->0(610)
[2025-06-03T12:55:00.524+0200][gc,heap     ] GC(37) Survivor regions: 5->4(77)
[2025-06-03T12:55:00.524+0200][gc,heap     ] GC(37) Old regions: 21->21
[2025-06-03T12:55:00.524+0200][gc,heap     ] GC(37) Archive regions: 2->2
[2025-06-03T12:55:00.524+0200][gc,heap     ] GC(37) Humongous regions: 147->147
[2025-06-03T12:55:00.524+0200][gc,metaspace] GC(37) Metaspace: 43379K(43840K)->43379K(43840K) NonClass: 38251K(38528K)->38251K(38528K) Class: 5128K(5312K)->5128K(5312K)
[2025-06-03T12:55:00.524+0200][gc          ] GC(37) Pause Young (Normal) (G1 Evacuation Pause) 781M->172M(1024M) 8,316ms
[2025-06-03T12:55:00.524+0200][gc,cpu      ] GC(37) User=0,03s Sys=0,00s Real=0,01s
[2025-06-03T12:56:13.844+0200][gc,heap,exit] Heap
[2025-06-03T12:56:13.844+0200][gc,heap,exit]  garbage-first heap   total 1048576K, used 480760K [0x00000000c0000000, 0x0000000100000000)
[2025-06-03T12:56:13.844+0200][gc,heap,exit]   region size 1024K, 302 young (309248K), 4 survivors (4096K)
[2025-06-03T12:56:13.844+0200][gc,heap,exit]  Metaspace       used 44574K, committed 45056K, reserved 1114112K
[2025-06-03T12:56:13.844+0200][gc,heap,exit]   class space    used 5378K, committed 5568K, reserved 1048576K
